"","Bacteria; __Proteobacteria; __Alphaproteobacteria; __Rhodospirillales; __Acetobacteraceae; __Belnapia","Bacteria; __Proteobacteria; __Betaproteobacteria; __Burkholderiales; __Comamonadaceae; __Tepidimonas","Bacteria; __Firmicutes; __Clostridia; __Clostridiales; __Christensenellaceae; __Christensenellaceae_R_7_group","Bacteria; __Bacteroidetes; __Bacteroidia; __Bacteroidales; __Prevotellaceae; __Prevotella","Bacteria; __Firmicutes; __Clostridia; __Clostridiales; __Family_XIII; __Family_XIII_AD3011_group","Bacteria; __Proteobacteria; __Alphaproteobacteria; __Rhodobacterales; __Rhodobacteraceae; __Paracoccus","Bacteria; __Firmicutes; __Clostridia; __Clostridiales; __Ruminococcaceae; __Ruminiclostridium","Bacteria; __Actinobacteria; __Actinobacteria; __Corynebacteriales; __Corynebacteriaceae; __Corynebacterium","Bacteria; __Proteobacteria; __Gammaproteobacteria; __Pseudomonadales; __Moraxellaceae; __Moraxella","Bacteria; __Firmicutes; __Clostridia; __Clostridiales; __Peptococcaceae; __uncultured","Bacteria; __Chloroflexi; __JG30_KF_CM66; __o; __f; __g","Bacteria; __Acidobacteria; __Solibacteres; __Solibacterales; __Solibacteraceae_Subgroup_3_; __Bryobacter","Bacteria; __Actinobacteria; __Thermoleophilia; __Gaiellales; __uncultured; __g","Bacteria; __Proteobacteria; __Gammaproteobacteria; __Pseudomonadales; __Pseudomonadaceae; __Pseudomonas","Bacteria; __Bacteroidetes; __Flavobacteriia; __Flavobacteriales; __Flavobacteriaceae; __Empedobacter","Bacteria; __Proteobacteria; __Alphaproteobacteria; __Sphingomonadales; __Sphingomonadaceae; __Sphingomonas","Bacteria; __Actinobacteria; __Actinobacteria; __Micrococcales; __Intrasporangiaceae; __Ornithinimicrobium","Bacteria; __Firmicutes; __Bacilli; __Lactobacillales; __Lactobacillaceae; __Lactobacillus","Bacteria; __Proteobacteria; __Alphaproteobacteria; __Rhodospirillales; __Rhodospirillaceae; __uncultured","Bacteria; __Firmicutes; __Clostridia; __Clostridiales; __Ruminococcaceae; __Oscillibacter","Bacteria; __Firmicutes; __Clostridia; __Clostridiales; __Ruminococcaceae; __Faecalibacterium","Bacteria; __Firmicutes; __Clostridia; __Clostridiales; __Lachnospiraceae; __Lachnospiraceae_FCS020_group","Bacteria; __Firmicutes; __Clostridia; __Clostridiales; __Lachnospiraceae; __Hungatella","Bacteria; __Proteobacteria; __Betaproteobacteria; __Burkholderiales; __Alcaligenaceae; __Sutterella","Bacteria; __Firmicutes; __Negativicutes; __Selenomonadales; __Veillonellaceae; __Veillonella","Bacteria; __Bacteroidetes; __Flavobacteriia; __Flavobacteriales; __Flavobacteriaceae; __Chryseobacterium","Bacteria; __Firmicutes; __Clostridia; __Clostridiales; __Lachnospiraceae; ___Ruminococcus_gauvreauii_group","Bacteria; __Firmicutes; __Clostridia; __Clostridiales; __Ruminococcaceae; __Ruminococcaceae_UCG_010","Bacteria; __Firmicutes; __Erysipelotrichia; __Erysipelotrichales; __Erysipelotrichaceae; __Faecalitalea","Bacteria; __Firmicutes; __Clostridia; __Clostridiales; __Clostridiales_vadinBB60_group; __g","Bacteria; __Firmicutes; __Clostridia; __Clostridiales; __Lachnospiraceae; __Lactonifactor","Bacteria; __Firmicutes; __Clostridia; __Clostridiales; __Christensenellaceae; __uncultured","Bacteria; __Firmicutes; __Clostridia; __Clostridiales; __Lachnospiraceae; __Lachnospiraceae_UCG_001","Bacteria; __Firmicutes; __Clostridia; __Clostridiales; __Ruminococcaceae; __Ruminococcaceae_UCG_003","Bacteria; __Firmicutes; __Clostridia; __Clostridiales; __Lachnospiraceae; __Blautia","Bacteria; __Proteobacteria; __Betaproteobacteria; __Burkholderiales; __Burkholderiaceae; __Burkholderia_Paraburkholderia","Bacteria; __Firmicutes; __Bacilli; __Bacillales; __Family_XI; __Gemella","Bacteria; __Fusobacteria; __Fusobacteriia; __Fusobacteriales; __Leptotrichiaceae; __Leptotrichia","Bacteria; __Bacteroidetes; __Sphingobacteriia; __Sphingobacteriales; __Sphingobacteriaceae; __Pedobacter","Bacteria; __Deinococcus_Thermus; __Deinococci; __Thermales; __Thermaceae; __Thermus","Bacteria; __Actinobacteria; __Coriobacteriia; __Coriobacteriales; __Coriobacteriaceae; __Senegalimassilia","Bacteria; __Actinobacteria; __Coriobacteriia; __Coriobacteriales; __Coriobacteriaceae; __Collinsella","Bacteria; __Bacteroidetes; __Bacteroidia; __Bacteroidales; __Bacteroidaceae; __Bacteroides","Bacteria; __Firmicutes; __Clostridia; __Clostridiales; __Lachnospiraceae; __uncultured","Bacteria; __Bacteroidetes; __Bacteroidia; __Bacteroidales; __Porphyromonadaceae; __Porphyromonas","Bacteria; __Bacteroidetes; __Bacteroidia; __Bacteroidales; __Prevotellaceae; __Prevotellaceae_UCG_003","Bacteria; __Firmicutes; __Clostridia; __Clostridiales; __Ruminococcaceae; __Hydrogenoanaerobacterium","Bacteria; __Firmicutes; __Clostridia; __Clostridiales; __Ruminococcaceae; __Butyricicoccus","Bacteria; __Firmicutes; __Bacilli; __Lactobacillales; __Streptococcaceae; __Streptococcus","Bacteria; __Bacteroidetes; __Flavobacteriia; __Flavobacteriales; __Flavobacteriaceae; __Flavobacterium","Bacteria; __Firmicutes; __Clostridia; __Clostridiales; __Peptostreptococcaceae; __Intestinibacter","Bacteria; __Bacteroidetes; __Bacteroidia; __Bacteroidales; __Prevotellaceae; __Paraprevotella","Bacteria; __Firmicutes; __Clostridia; __Clostridiales; __Ruminococcaceae; __uncultured","Bacteria; __Firmicutes; __Clostridia; __Clostridiales; __Lachnospiraceae; ___Eubacterium_hallii_group","Bacteria; __Firmicutes; __Clostridia; __Clostridiales; __Ruminococcaceae; __Ruminococcaceae_NK4A214_group","Bacteria; __Firmicutes; __Bacilli; __Lactobacillales; __Leuconostocaceae; __Leuconostoc","Bacteria; __Bacteroidetes; __Bacteroidia; __Bacteroidales; __Rikenellaceae; __Alistipes","Bacteria; __Verrucomicrobia; __Opitutae; __Opitutales; __Opitutaceae; __Opitutus","Bacteria; __Firmicutes; __Clostridia; __Clostridiales; __Lachnospiraceae; __Howardella","Bacteria; __Fusobacteria; __Fusobacteriia; __Fusobacteriales; __Fusobacteriaceae; __Fusobacterium","Bacteria; __Actinobacteria; __Actinobacteria; __Bifidobacteriales; __Bifidobacteriaceae; __Bifidobacterium","Bacteria; __Firmicutes; __Clostridia; __Clostridiales; __Ruminococcaceae; __Subdoligranulum","Bacteria; __Firmicutes; __Clostridia; __Clostridiales; __Lachnospiraceae; __Coprococcus","Bacteria; __Bacteroidetes; __Bacteroidia; __Bacteroidales; __Porphyromonadaceae; __Odoribacter","Bacteria; __Firmicutes; __Bacilli; __Lactobacillales; __Aerococcaceae; __Abiotrophia","Bacteria; __Chloroflexi; __Chloroflexia; __Chloroflexales; __Oscillochloridaceae; __Oscillochloris","Bacteria; __Actinobacteria; __Actinobacteria; __Actinomycetales; __Actinomycetaceae; __Actinomyces","Bacteria; __Proteobacteria; __Alphaproteobacteria; __Caulobacterales; __Caulobacteraceae; __Brevundimonas","Bacteria; __Firmicutes; __Clostridia; __Clostridiales; __Defluviitaleaceae; __Defluviitaleaceae_UCG_011","Bacteria; __Proteobacteria; __Gammaproteobacteria; __Pseudomonadales; __Moraxellaceae; __Acinetobacter","Bacteria; __Proteobacteria; __Alphaproteobacteria; __Rhizobiales; __Hyphomicrobiaceae; __Hyphomicrobium","Bacteria; __Firmicutes; __Clostridia; __Clostridiales; __Family_XI; __Anaerococcus","Bacteria; __Firmicutes; __Clostridia; __Clostridiales; __Ruminococcaceae; __Ruminococcaceae_UCG_014","Bacteria; __Firmicutes; __Clostridia; __Clostridiales; __Lachnospiraceae; __Roseburia","Bacteria; __Spirochaetae; __Spirochaetes; __Spirochaetales; __Spirochaetaceae; __Treponema","Bacteria; __Firmicutes; __Clostridia; __Clostridiales; __Ruminococcaceae; __Candidatus_Soleaferrea","Bacteria; __Actinobacteria; __Acidimicrobiia; __Acidimicrobiales; __Iamiaceae; __Iamia","Bacteria; __Firmicutes; __Clostridia; __Clostridiales; __Ruminococcaceae; __Ruminococcus","Bacteria; __Firmicutes; __Erysipelotrichia; __Erysipelotrichales; __Erysipelotrichaceae; ___Clostridium_innocuum_group","Bacteria; __Proteobacteria; __Betaproteobacteria; __Burkholderiales; __Oxalobacteraceae; __Massilia","Bacteria; __Firmicutes; __Clostridia; __Clostridiales; __Ruminococcaceae; __Anaerotruncus","Bacteria; __Firmicutes; __Clostridia; __Clostridiales; __Family_XIII; ___Eubacterium_brachy_group","Bacteria; __Firmicutes; __Clostridia; __Clostridiales; __Peptostreptococcaceae; __Romboutsia","Bacteria; __Actinobacteria; __Actinobacteria; __Micrococcales; __Cellulomonadaceae; __Cellulomonas","Bacteria; __Firmicutes; __Clostridia; __Clostridiales; __Eubacteriaceae; __Anaerofustis","Bacteria; __Actinobacteria; __Actinobacteria; __Corynebacteriales; __Corynebacteriaceae; __Turicella","Bacteria; __Firmicutes; __Clostridia; __Clostridiales; __Lachnospiraceae; ___Eubacterium_xylanophilum_group","Bacteria; __Actinobacteria; __Actinobacteria; __Pseudonocardiales; __Pseudonocardiaceae; __Saccharomonospora","Bacteria; __Firmicutes; __Clostridia; __Clostridiales; __Lachnospiraceae; __Lachnospiraceae_NK4A136_group","Bacteria; __Firmicutes; __Clostridia; __Clostridiales; __Peptococcaceae; __Peptococcus","Bacteria; __Actinobacteria; __Coriobacteriia; __Coriobacteriales; __Coriobacteriaceae; __Gordonibacter","Bacteria; __Bacteroidetes; __Bacteroidia; __Bacteroidales; __Porphyromonadaceae; __Butyricimonas","Bacteria; __Bacteroidetes; __Bacteroidia; __Bacteroidales; __Porphyromonadaceae; __uncultured","Bacteria; __Actinobacteria; __Actinobacteria; __Micrococcales; __Micrococcaceae; __Rothia","Bacteria; __Firmicutes; __Erysipelotrichia; __Erysipelotrichales; __Erysipelotrichaceae; __Solobacterium","Bacteria; __Cyanobacteria; __Melainabacteria; __Gastranaerophilales; __f; __g","Bacteria; __Proteobacteria; __Deltaproteobacteria; __Desulfovibrionales; __Desulfovibrionaceae; __Desulfovibrio","Bacteria; __Firmicutes; __Clostridia; __Clostridiales; __Ruminococcaceae; __Ruminococcaceae_UCG_013","Bacteria; __Proteobacteria; __Gammaproteobacteria; __Pseudomonadales; __Moraxellaceae; __uncultured","Bacteria; __Acidobacteria; __Subgroup_6; __o; __f; __g","Bacteria; __Actinobacteria; __Coriobacteriia; __Coriobacteriales; __Coriobacteriaceae; __Atopobium","Bacteria; __Firmicutes; __Clostridia; __Clostridiales; __Ruminococcaceae; __Oscillospira","Bacteria; __Bacteroidetes; __Bacteroidia; __Bacteroidales; __Porphyromonadaceae; __Coprobacter","Bacteria; __Proteobacteria; __Alphaproteobacteria; __Rhizobiales; __Methylobacteriaceae; __Methylobacterium","Bacteria; __Nitrospirae; __Nitrospira; __Nitrospirales; __0319_6A21; __g","Bacteria; __Tenericutes; __Mollicutes; __Mollicutes_RF9; __f; __g","Bacteria; __Actinobacteria; __Actinobacteria; __Bifidobacteriales; __Bifidobacteriaceae; __Scardovia","Bacteria; __Firmicutes; __Erysipelotrichia; __Erysipelotrichales; __Erysipelotrichaceae; __Faecalibaculum","Bacteria; __Firmicutes; __Clostridia; __Clostridiales; __Lachnospiraceae; __Lachnoanaerobaculum","Bacteria; __Chloroflexi; __Caldilineae; __Caldilineales; __Caldilineaceae; __uncultured","Bacteria; __Firmicutes; __Negativicutes; __Selenomonadales; __Acidaminococcaceae; __Phascolarctobacterium","Bacteria; __Proteobacteria; __Betaproteobacteria; __Burkholderiales; __Comamonadaceae; __Ramlibacter","Bacteria; __Firmicutes; __Bacilli; __Bacillales; __Alicyclobacillaceae; __Tumebacillus","Bacteria; __Bacteroidetes; __Bacteroidia; __Bacteroidales; __Bacteroidales_S24_7_group; __g","Bacteria; __Planctomycetes; __Planctomycetacia; __Planctomycetales; __Planctomycetaceae; __Gemmata","Bacteria; __Firmicutes; __Clostridia; __Clostridiales; __Family_XIII; __Family_XIII_UCG_001","Bacteria; __Planctomycetes; __Planctomycetacia; __Planctomycetales; __Planctomycetaceae; __Planctomyces","Bacteria; __Firmicutes; __Clostridia; __Clostridiales; __Lachnospiraceae; __Tyzzerella","Bacteria; __Firmicutes; __Clostridia; __Clostridiales; __Family_XIII; ___Eubacterium_nodatum_group","Bacteria; __Firmicutes; __Clostridia; __Clostridiales; __Family_XIII; __uncultured","Archaea; __WSA2; __WCHA1_57; __o; __f; __g","Bacteria; __Proteobacteria; __Gammaproteobacteria; __Pseudomonadales; __Moraxellaceae; __Enhydrobacter","Bacteria; __Firmicutes; __Erysipelotrichia; __Erysipelotrichales; __Erysipelotrichaceae; __Erysipelatoclostridium","Bacteria; __Planctomycetes; __Planctomycetacia; __Planctomycetales; __Planctomycetaceae; __Pir4_lineage","Bacteria; __Firmicutes; __Clostridia; __Clostridiales; __Lachnospiraceae; ___Ruminococcus_torques_group","Bacteria; __Proteobacteria; __Betaproteobacteria; __Burkholderiales; __Alcaligenaceae; __Parasutterella","Bacteria; __Verrucomicrobia; __Spartobacteria; __Chthoniobacterales; __Chthoniobacterales_Incertae_Sedis; __Terrimicrobium","Bacteria; __Firmicutes; __Clostridia; __Thermoanaerobacterales; __Thermoanaerobacteraceae; __Gelria","Bacteria; __Bacteroidetes; __Sphingobacteriia; __Sphingobacteriales; __Chitinophagaceae; __Cnuella","Bacteria; __Verrucomicrobia; __OPB35_soil_group; __o; __f; __g","Bacteria; __Synergistetes; __Synergistia; __Synergistales; __Synergistaceae; __Cloacibacillus","Bacteria; __Tectomicrobia; __c; __o; __f; __g","Bacteria; __Bacteroidetes; __Bacteroidia; __Bacteroidales; __Prevotellaceae; __Alloprevotella","Bacteria; __Lentisphaerae; __Lentisphaeria; __Victivallales; __vadinBE97; __g","Bacteria; __Firmicutes; __Negativicutes; __Selenomonadales; __Veillonellaceae; __Selenomonas","Bacteria; __Firmicutes; __Negativicutes; __Selenomonadales; __Veillonellaceae; __Megasphaera","Bacteria; __Firmicutes; __Clostridia; __Clostridiales; __Lachnospiraceae; __Dorea","Bacteria; __Firmicutes; __Clostridia; __Clostridiales; __Ruminococcaceae; __Fastidiosipila","Bacteria; __Proteobacteria; __Alphaproteobacteria; __Rhizobiales; __Rhizobiales_Incertae_Sedis; __Nordella","Bacteria; __Firmicutes; __Erysipelotrichia; __Erysipelotrichales; __Erysipelotrichaceae; __uncultured","Bacteria; __Firmicutes; __Clostridia; __Clostridiales; __Ruminococcaceae; ___Eubacterium_coprostanoligenes_group","Bacteria; __Actinobacteria; __Actinobacteria; __Propionibacteriales; __Nocardioidaceae; __Nocardioides","Bacteria; __Firmicutes; __Clostridia; __Clostridiales; __Family_XIII; __Family_XIII_UCG_002","Bacteria; __Chloroflexi; __Chloroflexia; __Chloroflexales; __Chloroflexaceae; __Chloronema","Archaea; __Euryarchaeota; __Methanobacteria; __Methanobacteriales; __Methanobacteriaceae; __Methanobacterium","Bacteria; __Proteobacteria; __Deltaproteobacteria; __Bdellovibrionales; __Bacteriovoracaceae; __Bacteriovorax","Bacteria; __Proteobacteria; __Betaproteobacteria; __Neisseriales; __Neisseriaceae; __Eikenella","Bacteria; __Firmicutes; __Bacilli; __Bacillales; __Planococcaceae; __Solibacillus","Bacteria; __Firmicutes; __Negativicutes; __Selenomonadales; __Veillonellaceae; __uncultured","Bacteria; __Bacteroidetes; __Sphingobacteriia; __Sphingobacteriales; __Chitinophagaceae; __Hydrotalea","Bacteria; __Planctomycetes; __Planctomycetacia; __Planctomycetales; __Planctomycetaceae; __uncultured","Bacteria; __Proteobacteria; __Alphaproteobacteria; __Rhizobiales; __Rhizobiaceae; __Rhizobium","Bacteria; __Lentisphaerae; __Lentisphaeria; __Victivallales; __Victivallaceae; __Victivallis","Bacteria; __Bacteroidetes; __Bacteroidia; __Bacteroidales; __Porphyromonadaceae; __Paludibacter","Bacteria; __Proteobacteria; __Alphaproteobacteria; __Caulobacterales; __Caulobacteraceae; __Caulobacter","Bacteria; __Bacteroidetes; __Sphingobacteriia; __Sphingobacteriales; __env_OPS_17; __g","Bacteria; __Actinobacteria; __Actinobacteria; __Micrococcales; __Intrasporangiaceae; __Knoellia","Bacteria; __Firmicutes; __Clostridia; __Clostridiales; __Ruminococcaceae; __Ruminococcaceae_UCG_002","Bacteria; __Proteobacteria; __Proteobacteria_Incertae_Sedis; __Unknown_Order; __Unknown_Family; __Candidatus_Tenderia","Bacteria; __Bacteroidetes; __Bacteroidia; __Bacteroidales; __Porphyromonadaceae; __Barnesiella","Bacteria; __Proteobacteria; __Alphaproteobacteria; __Caulobacterales; __Caulobacteraceae; __Phenylobacterium","Bacteria; __Bacteroidetes; __Sphingobacteriia; __Sphingobacteriales; __Lentimicrobiaceae; __g","Bacteria; __Actinobacteria; __Acidimicrobiia; __Acidimicrobiales; __uncultured; __g","Bacteria; __Firmicutes; __Clostridia; __Clostridiales; __Lachnospiraceae; __g","Bacteria; __Proteobacteria; __Alphaproteobacteria; __Rhizobiales; __Xanthobacteraceae; __Variibacter","Bacteria; __Firmicutes; __Clostridia; __Clostridiales; __Family_XI; __Parvimonas","Bacteria; __Firmicutes; __Bacilli; __Lactobacillales; __Streptococcaceae; __Lactococcus","Bacteria; __Firmicutes; __Clostridia; __Clostridiales; __Lachnospiraceae; __Oribacterium","Bacteria; __Firmicutes; __Clostridia; __Clostridiales; __Peptostreptococcaceae; __Peptostreptococcus","Bacteria; __Firmicutes; __Clostridia; __Clostridiales; __Lachnospiraceae; __Lachnospiraceae_UCG_008","Bacteria; __Cyanobacteria; __Chloroplast; __o; __f; __g","Bacteria; __Proteobacteria; __Betaproteobacteria; __Burkholderiales; __Comamonadaceae; __Acidovorax","Bacteria; __Proteobacteria; __Gammaproteobacteria; __Xanthomonadales; __Xanthomonadales_Incertae_Sedis; __Steroidobacter","Bacteria; __Actinobacteria; __Actinobacteria; __Frankiales; __Geodermatophilaceae; __Blastococcus","Bacteria; __Chloroflexi; __Gitt_GS_136; __o; __f; __g","Bacteria; __Firmicutes; __Negativicutes; __Selenomonadales; __Veillonellaceae; __Dialister","Bacteria; __Synergistetes; __Synergistia; __Synergistales; __Synergistaceae; __Pyramidobacter","Bacteria; __Verrucomicrobia; __Spartobacteria; __Chthoniobacterales; __Chthoniobacteraceae; __Chthoniobacter","Bacteria; __Firmicutes; __Bacilli; __Bacillales; __Family_X; __Thermicanus","Bacteria; __Bacteroidetes; __Bacteroidia; __Bacteroidales; __Rikenellaceae; __Rikenellaceae_RC9_gut_group","Bacteria; __Planctomycetes; __Planctomycetacia; __Planctomycetales; __Planctomycetaceae; __Pirellula","Bacteria; __Firmicutes; __Bacilli; __Bacillales; __Staphylococcaceae; __Staphylococcus","Bacteria; __Firmicutes; __Clostridia; __Clostridiales; __Lachnospiraceae; __Anaerostipes","Bacteria; __Firmicutes; __Negativicutes; __Selenomonadales; __Acidaminococcaceae; __Acidaminococcus","Bacteria; __Proteobacteria; __Epsilonproteobacteria; __Campylobacterales; __Campylobacteraceae; __Campylobacter","Bacteria; __Proteobacteria; __Alphaproteobacteria; __Rhodospirillales; __Rhodospirillales_Incertae_Sedis; __Reyranella","Bacteria; __Firmicutes; __Clostridia; __Clostridiales; __Lachnospiraceae; __Lachnospira","Bacteria; __Firmicutes; __Clostridia; __Clostridiales; __Lachnospiraceae; __Lachnoclostridium","Bacteria; __Firmicutes; __Clostridia; __Clostridiales; __Lachnospiraceae; __Sellimonas","Bacteria; __Bacteroidetes; __Flavobacteriia; __Flavobacteriales; __Flavobacteriaceae; __Cloacibacterium","Bacteria; __Proteobacteria; __Gammaproteobacteria; __Pasteurellales; __Pasteurellaceae; __Haemophilus","Bacteria; __Proteobacteria; __Deltaproteobacteria; __NB1_j; __f; __g","Bacteria; __Firmicutes; __Bacilli; __Lactobacillales; __Aerococcaceae; __Aerococcus","Bacteria; __Proteobacteria; __Gammaproteobacteria; __Enterobacteriales; __Enterobacteriaceae; __Morganella","Bacteria; __Proteobacteria; __Deltaproteobacteria; __Myxococcales; __Haliangiaceae; __Haliangium","Bacteria; __Proteobacteria; __Gammaproteobacteria; __Pasteurellales; __Pasteurellaceae; __Aggregatibacter","Bacteria; __Proteobacteria; __Alphaproteobacteria; __Caulobacterales; __Caulobacteraceae; __uncultured","Bacteria; __Proteobacteria; __Deltaproteobacteria; __Myxococcales; __mle1_27; __g","Bacteria; __Actinobacteria; __Actinobacteria; __Micrococcales; __Brevibacteriaceae; __Brevibacterium","Bacteria; __Bacteroidetes; __Sphingobacteriia; __Sphingobacteriales; __PHOS_HE51; __g","Bacteria; __Firmicutes; __Clostridia; __Clostridiales; __Eubacteriaceae; __Eubacterium","Bacteria; __Firmicutes; __Clostridia; __Clostridiales; __Lachnospiraceae; __Catonella","Bacteria; __Proteobacteria; __Gammaproteobacteria; __Xanthomonadales; __Xanthomonadaceae; __Stenotrophomonas","Bacteria; __Proteobacteria; __Betaproteobacteria; __Methylophilales; __Methylophilaceae; __Methylophilus","Bacteria; __Proteobacteria; __Alphaproteobacteria; __Rhodospirillales; __Rhodospirillaceae; __Skermanella","Bacteria; __Actinobacteria; __Actinobacteria; __Frankiales; __Geodermatophilaceae; __Geodermatophilus","Bacteria; __Bacteroidetes; __Cytophagia; __Cytophagales; __Cytophagaceae; __Cytophaga","Bacteria; __Firmicutes; __Clostridia; __Clostridiales; __Ruminococcaceae; __Ruminococcaceae_UCG_004","Bacteria; __Proteobacteria; __Gammaproteobacteria; __Enterobacteriales; __Enterobacteriaceae; __Proteus","Bacteria; __Proteobacteria; __Gammaproteobacteria; __Enterobacteriales; __Enterobacteriaceae; __Citrobacter","Bacteria; __Firmicutes; __Clostridia; __Clostridiales; __Lachnospiraceae; __Butyrivibrio","Bacteria; __Firmicutes; __Bacilli; __Bacillales; __Paenibacillaceae; __Brevibacillus","Bacteria; __Lentisphaerae; __Oligosphaeria; __Oligosphaerales; __Oligosphaeraceae; __Z20","Bacteria; __Firmicutes; __Clostridia; __Clostridiales; __Lachnospiraceae; __Stomatobaculum","Bacteria; __Bacteroidetes; __Bacteroidia; __Bacteroidales; __Porphyromonadaceae; __Parabacteroides","Bacteria; __Firmicutes; __Clostridia; __Clostridiales; __Family_XI; __Ezakiella","Bacteria; __Bacteroidetes; __Bacteroidia; __Bacteroidales; __Porphyromonadaceae; __Proteiniphilum","Bacteria; __Firmicutes; __Negativicutes; __Selenomonadales; __Veillonellaceae; __Allisonella","Bacteria; __Firmicutes; __Erysipelotrichia; __Erysipelotrichales; __Erysipelotrichaceae; __Turicibacter","Bacteria; __Firmicutes; __Bacilli; __Bacillales; __Bacillaceae; __Bacillus","Bacteria; __Bacteroidetes; __Cytophagia; __Cytophagales; __Cytophagaceae; __Chryseolinea","Bacteria; __Firmicutes; __Clostridia; __Clostridiales; __Lachnospiraceae; __Fusicatenibacter","Bacteria; __Firmicutes; __Clostridia; __Clostridiales; __Family_XIII; __Mogibacterium","Bacteria; __Firmicutes; __Erysipelotrichia; __Erysipelotrichales; __Erysipelotrichaceae; __Dielma","Bacteria; __Firmicutes; __Clostridia; __Clostridiales; __Lachnospiraceae; __Johnsonella","Bacteria; __Chloroflexi; __KD4_96; __o; __f; __g","Bacteria; __Firmicutes; __Erysipelotrichia; __Erysipelotrichales; __Erysipelotrichaceae; __Catenibacterium","Bacteria; __Actinobacteria; __Actinobacteria; __Micrococcales; __Microbacteriaceae; __Pseudoclavibacter","Bacteria; __Verrucomicrobia; __Verrucomicrobiae; __Verrucomicrobiales; __Verrucomicrobiaceae; __Akkermansia","Bacteria; __Firmicutes; __Clostridia; __Clostridiales; __Ruminococcaceae; __Flavonifractor","Bacteria; __Actinobacteria; __Coriobacteriia; __Coriobacteriales; __Coriobacteriaceae; __Eggerthella","Bacteria; __Firmicutes; __Bacilli; __Lactobacillales; __Carnobacteriaceae; __Granulicatella","Bacteria; __Firmicutes; __Erysipelotrichia; __Erysipelotrichales; __Erysipelotrichaceae; __Candidatus_Stoquefichus","Bacteria; __Firmicutes; __Bacilli; __Bacillales; __Bacillaceae; __Geobacillus","Bacteria; __Firmicutes; __Clostridia; __Clostridiales; __Lachnospiraceae; __Lachnospiraceae_ND3007_group","Bacteria; __Bacteroidetes; __Bacteroidia; __Bacteroidales; __Rikenellaceae; __Rikenella","Bacteria; __Proteobacteria; __Deltaproteobacteria; __Desulfovibrionales; __Desulfovibrionaceae; __Bilophila","Bacteria; __Firmicutes; __Clostridia; __Clostridiales; __Ruminococcaceae; __Ruminococcaceae_UCG_005","Bacteria; __Proteobacteria; __Alphaproteobacteria; __Sphingomonadales; __Sphingomonadaceae; __Sphingobium","Archaea; __Euryarchaeota; __Methanobacteria; __Methanobacteriales; __Methanobacteriaceae; __Methanobrevibacter","Bacteria; __Actinobacteria; __Actinobacteria; __Frankiales; __Geodermatophilaceae; __Modestobacter","Bacteria; __Firmicutes; __Bacilli; __Lactobacillales; __Aerococcaceae; __Facklamia","Bacteria; __Proteobacteria; __Gammaproteobacteria; __Aeromonadales; __Aeromonadaceae; __Aeromonas","Bacteria; __Firmicutes; __Clostridia; __Clostridiales; __Clostridiaceae_1; __Clostridium_sensu_stricto","Bacteria; __Actinobacteria; __Actinobacteria; __Propionibacteriales; __Propionibacteriaceae; __Propionibacterium","Bacteria; __Proteobacteria; __Gammaproteobacteria; __Xanthomonadales; __uncultured; __g","Bacteria; __Firmicutes; __Clostridia; __Clostridiales; __Family_XI; __Peptoniphilus","Bacteria; __Firmicutes; __Clostridia; __Clostridiales; __Lachnospiraceae; ___Eubacterium_rectale_group","Bacteria; __Actinobacteria; __Coriobacteriia; __Coriobacteriales; __Coriobacteriaceae; __Slackia","Bacteria; __Proteobacteria; __Alphaproteobacteria; __Rhizobiales; __Bradyrhizobiaceae; __Bosea","Bacteria; __Firmicutes; __Negativicutes; __Selenomonadales; __Acidaminococcaceae; __Succiniclasticum","Bacteria; __Bacteroidetes; __Cytophagia; __Cytophagales; __Cytophagaceae; __uncultured","Bacteria; __Verrucomicrobia; __Verrucomicrobiae; __Verrucomicrobiales; __Verrucomicrobiaceae; __Luteolibacter","Bacteria; __Proteobacteria; __Alphaproteobacteria; __Rhizobiales; __Hyphomicrobiaceae; __Devosia","Bacteria; __Firmicutes; __Clostridia; __Clostridiales; __Lachnospiraceae; __Lachnospiraceae_UCG_010","Bacteria; __Proteobacteria; __Gammaproteobacteria; __Enterobacteriales; __Enterobacteriaceae; __Hafnia_Obesumbacterium","Bacteria; __Firmicutes; __Clostridia; __Clostridiales; __Lachnospiraceae; ___Eubacterium_ventriosum_group","Bacteria; __Actinobacteria; __Actinobacteria; __Actinomycetales; __Actinomycetaceae; __Varibaculum","Bacteria; __Bacteroidetes; __Flavobacteriia; __Flavobacteriales; __NS9_marine_group; __g","Bacteria; __Firmicutes; __Erysipelotrichia; __Erysipelotrichales; __Erysipelotrichaceae; __Holdemania","Bacteria; __Proteobacteria; __Alphaproteobacteria; __Rhizobiales; __Rhizobiales_Incertae_Sedis; __Bauldia","Bacteria; __Firmicutes; __Erysipelotrichia; __Erysipelotrichales; __Erysipelotrichaceae; __Holdemanella","Bacteria; __Proteobacteria; __Gammaproteobacteria; __Enterobacteriales; __Enterobacteriaceae; __Escherichia_Shigella","Bacteria; __Proteobacteria; __Alphaproteobacteria; __Rhizobiales; __Bradyrhizobiaceae; __Bradyrhizobium","Bacteria; __Firmicutes; __Clostridia; __Clostridiales; __Lachnospiraceae; ___Ruminococcus_gnavus_group","Bacteria; __Proteobacteria; __Gammaproteobacteria; __Cellvibrionales; __Cellvibrionaceae; __Cellvibrio","Bacteria; __Firmicutes; __Negativicutes; __Selenomonadales; __Veillonellaceae; __Megamonas","Bacteria; __Proteobacteria; __Gammaproteobacteria; __Xanthomonadales; __Xanthomonadaceae; __Pseudoxanthomonas","Bacteria; __Verrucomicrobia; __UA11; __o; __f; __g","Bacteria; __Proteobacteria; __Alphaproteobacteria; __Rhizobiales; __Methylobacteriaceae; __Microvirga","Bacteria; __Elusimicrobia; __Elusimicrobia; __Lineage_IIb; __f; __g","Bacteria; __Proteobacteria; __Deltaproteobacteria; __Myxococcales; __Polyangiaceae; __uncultured","Bacteria; __Firmicutes; __Clostridia; __Clostridiales; __Lachnospiraceae; __Epulopiscium","Bacteria; __Firmicutes; __Clostridia; __Clostridiales; __Family_XI; __Murdochiella","Bacteria; __Proteobacteria; __Alphaproteobacteria; __Sphingomonadales; __Sphingomonadaceae; __Polymorphobacter","Bacteria; __Actinobacteria; __Actinobacteria; __Micrococcales; __Micrococcaceae; __Micrococcus","Bacteria; __Firmicutes; __Clostridia; __Clostridiales; __Lachnospiraceae; ___Eubacterium_eligens_group","Bacteria; __Actinobacteria; __Actinobacteria; __Bifidobacteriales; __Bifidobacteriaceae; __Gardnerella","Bacteria; __Actinobacteria; __Actinobacteria; __Micrococcales; __Dermabacteraceae; __Brachybacterium","Bacteria; __Actinobacteria; __Actinobacteria; __Corynebacteriales; __Corynebacteriaceae; __Lawsonella","Bacteria; __Firmicutes; __Erysipelotrichia; __Erysipelotrichales; __Erysipelotrichaceae; __Erysipelotrichaceae_UCG_003","Bacteria; __Bacteroidetes; __Sphingobacteriia; __Sphingobacteriales; __Chitinophagaceae; __Lacibacter","Bacteria; __Firmicutes; __Clostridia; __Thermoanaerobacterales; __Family_III; __Thermoanaerobacterium","Bacteria; __Elusimicrobia; __Elusimicrobia; __Lineage_IIc; __f; __g","Bacteria; __Actinobacteria; __Actinobacteria; __Pseudonocardiales; __Pseudonocardiaceae; __Actinomycetospora","Bacteria; __Proteobacteria; __Alphaproteobacteria; __Rhodospirillales; __Rhodospirillales_Incertae_Sedis; __Candidatus_Alysiosphaera"
"X206616",0,0,0,0,0,0,2,0,0,0,0,0,0,22,0,0,0,0,0,0,0,0,0,0,0,0,0,0,0,0,0,0,0,0,2,0,0,0,0,0,0,1,1,0,0,0,0,0,0,0,0,0,0,0,0,0,0,0,0,0,0,0,0,0,0,0,0,0,0,0,0,0,0,0,0,0,0,0,0,0,0,0,0,0,0,0,0,0,0,0,0,0,0,0,0,0,0,0,0,0,0,0,0,0,0,0,0,0,0,0,0,0,0,0,0,0,0,6,0,0,0,0,0,0,0,0,0,0,0,0,0,0,0,0,0,0,0,0,0,0,0,0,0,0,0,0,0,0,0,0,0,0,0,0,0,0,0,0,0,0,0,0,0,0,0,0,0,0,0,1,0,0,0,0,0,0,0,0,0,0,0,0,0,0,0,0,0,32,0,0,0,0,0,0,0,0,0,0,0,0,0,0,0,0,0,0,0,0,0,0,0,0,0,0,0,0,0,0,0,0,0,0,0,0,0,0,0,0,0,1,0,0,0,0,0,0,0,0,0,0,0,0,0,1,0,0,0,28,0,0,0,0,0,0,0,0,0,0,0,0,0,0,10,0,0,0,0,0,0,0,0,0,0,0,0,0,0,0,0,0,0,0,0,0,0,0
"X206702",0,9,0,0,0,0,0,0,0,0,0,0,0,6,0,0,0,0,0,0,8,0,0,0,0,0,0,0,0,0,0,0,0,0,0,1,11,0,0,0,0,0,32,0,0,0,0,1,7,0,0,0,0,0,0,0,0,0,0,0,0,0,0,0,0,0,0,0,0,2,0,1,0,0,0,0,0,0,0,0,0,0,0,0,0,0,0,0,0,0,0,0,0,0,0,0,0,0,0,0,0,0,0,0,0,0,0,0,0,0,0,0,0,24,0,0,0,0,0,0,0,0,0,0,0,0,0,0,0,0,0,0,0,0,0,0,0,0,0,0,1,0,0,0,0,0,0,0,0,0,0,0,0,0,0,0,0,1,0,0,0,0,0,0,0,0,0,0,0,1,0,0,0,0,0,0,0,0,0,0,0,0,0,0,0,0,0,2,0,18,0,0,0,0,0,0,0,0,0,0,0,0,0,0,0,0,17,0,1,3,0,0,0,0,0,0,0,0,5,0,0,2,0,0,0,0,0,0,0,0,0,0,0,0,0,0,0,0,0,0,0,0,0,0,1,0,0,7,0,0,0,0,0,0,0,0,0,0,0,0,0,0,18501,0,1,0,0,0,0,0,0,0,0,0,0,0,0,0,0,0,1,0,0,0,0,0
"X219692",0,0,0,0,0,0,0,12,0,0,0,0,0,0,0,0,0,0,0,0,0,0,0,0,0,0,0,0,0,0,0,0,0,0,0,0,0,0,0,0,0,0,17,0,0,0,0,0,0,0,0,0,0,0,0,0,0,0,0,48,1,0,0,0,0,0,0,0,0,0,0,0,0,0,0,0,0,0,0,0,0,0,0,0,0,0,0,14,0,0,0,0,0,0,0,0,0,0,0,0,0,0,0,0,0,0,0,0,0,0,0,0,0,0,0,0,0,0,0,0,0,0,0,0,0,0,0,0,0,0,0,0,0,0,0,0,0,0,0,0,0,0,0,0,0,0,0,0,0,0,0,0,0,0,0,0,0,0,0,0,0,0,0,0,0,0,0,0,0,0,0,0,0,0,0,0,0,0,0,0,0,0,0,0,0,0,0,0,0,9,0,0,0,0,0,0,0,0,0,0,0,0,0,0,0,0,0,0,0,0,0,0,0,0,0,0,0,0,0,0,0,0,0,0,0,0,0,0,0,0,0,0,0,0,0,0,0,0,0,0,0,0,0,0,0,0,0,0,0,0,0,0,0,0,0,0,0,0,0,0,0,0,10,0,0,0,0,0,0,0,0,0,0,0,0,0,0,0,0,9,0,0,0,0,0,0